// Jest Snapshot v1, https://goo.gl/fbAQLP

exports[`FeedContainer Component renders 1`] = `ShallowWrapper {}`;
